≡ƒÜÇ Starting Backend Verification...

1. Registering user: testuser1768876173770@example.com
node.exe : SyntaxError: 
Unexpected token '<', 
"<!DOCTYPE "... is not valid 
JSON
At C:\Program 
Files\nodejs\npx.ps1:29 char:3
+   & $NODE_EXE $NPX_CLI_JS 
$args
+   
~~~~~~~~~~~~~~~~~~~~~~~~~~~~~
    + CategoryInfo          :  
   NotSpecified: (SyntaxError  
  : Un... not valid JSON:Str   
 ing) [], RemoteException
    + FullyQualifiedErrorId :  
   NativeCommandError
 
    at JSON.parse (<anonymous>)
    at parseJSONFromBytes (node
:internal/deps/undici/undici:56
82:19)
    at successSteps (node:inter
nal/deps/undici/undici:5663:27)
    at fullyReadBody (node:inte
rnal/deps/undici/undici:4561:9)
    at process.processTicksAndR
ejections (node:internal/proces
s/task_queues:105:5)
    at async consumeBody (node:
internal/deps/undici/undici:567
2:7)
    at async testBackend 
(E:\DO NOT TOUCH\Safe Zone\Appl
ications_Developments\Backend\m
arrage\scripts\test-backend.ts:
22:21)
